{
    "pools": [
        {
            "rolls": 1,
            "entries": [
                {
                    "type": "item",
                    "name": "minecraft:golden_chestplate",
                    "functions": [
                        {
                            "function": "set_nbt",
                            "tag": "{CustomModelData:113003,HideFlags:2,am_ItemID:57b,am_BrutalSet:1b}"
                        },
                        {
                            "function": "set_attributes",
                            "modifiers": [
                                {
                                    "attribute": "generic.attack_damage",
                                    "amount" : 0.4,
                                    "operation": "multiply_base",
                                    "slot": "chest",
                                    "name": "Damage"
                                },
                                {
                                    "attribute": "generic.armor",
                                    "amount" : 5,
                                    "operation": "addition",
                                    "slot": "chest",
                                    "name": "Armor"
                                }
                            ]
                        },
                        {
                            "function": "set_name",
                            "name" : 
                            {
                                "text": "Infused Chestplate",
                                "color": "gold",
                                "italic": false
                            }
                        },
                        {
                            "function": "set_lore",
                            "lore" : 
                            [
                                {
                                    "text":"[Gear]",
                                    "color":"dark_aqua",
                                    "italic":false
                                },
                                {
                                    "text":" "
                                },
                                {
                                    "text":"A Powerful Chestplate, infused",
                                    "color":"gray",
                                    "italic":false
                                },
                                {
                                    "text":"with magical properties.",
                                    "color":"gray",
                                    "italic":false
                                },
                                {
                                    "text":" "
                                },
                                [
                                    {
                                        "text":"Active Essence: [",
                                        "color":"dark_aqua",
                                        "italic":false
                                    },
                                    {
                                        "text":"Strength",
                                        "color":"red",
                                        "italic":false
                                    },
                                    {
                                        "text":"]",
                                        "color":"dark_aqua",
                                        "italic":false
                                    }

                                ],
                                {
                                    "text":" "
                                },
                                {
                                    "text":"When on body:",
                                    "color":"gray",
                                    "italic":false
                                },
                                {
                                    "text":"+40% Attack Damage",
                                    "color":"blue",
                                    "italic":false
                                },
                                {
                                    "text":"+5 Armor",
                                    "color":"blue",
                                    "italic":false
                                },
                                {
                                    "text":" "
                                },
                                {
                                    "text":"  ❂ Asphodel Meadows ❂  ",
                                    "color":"dark_gray",
                                    "italic":false
                                }
                            ]
                        }
                    ]
                }
            ]
        }
    ]
}