{
    "pools": [
        {
            "rolls": 1,
            "entries": [
                {
                    "type": "item",
                    "name": "minecraft:golden_helmet",
                    "functions": [
                        {
                            "function": "set_nbt",
                            "tag": "{CustomModelData:113004,HideFlags:2,am_ItemID:60b,am_ToughSet:1b}"
                        },
                        {
                            "function": "set_attributes",
                            "modifiers": [
                                {
                                    "attribute": "generic.armor",
                                    "amount" : 4,
                                    "operation": "addition",
                                    "slot": "head",
                                    "name": "Armor"
                                }
                            ]
                        },
                        {
                            "function": "set_name",
                            "name" : 
                            {
                                "text": "Infused Helmet",
                                "color": "gold",
                                "italic": false
                            }
                        },
                        {
                            "function": "set_lore",
                            "lore" : 
                            [
                                {
                                    "text":"[Gear]",
                                    "color":"dark_aqua",
                                    "italic":false
                                },
                                {
                                    "text":" "
                                },
                                {
                                    "text":"A Powerful Helmet, infused",
                                    "color":"gray",
                                    "italic":false
                                },
                                {
                                    "text":"with magical properties.",
                                    "color":"gray",
                                    "italic":false
                                },
                                {
                                    "text":" "
                                },
                                [
                                    {
                                        "text":"Active Essence: [",
                                        "color":"dark_aqua",
                                        "italic":false
                                    },
                                    {
                                        "text":"Armored",
                                        "color":"blue",
                                        "italic":false
                                    },
                                    {
                                        "text":"]",
                                        "color":"dark_aqua",
                                        "italic":false
                                    }

                                ],
                                {
                                    "text":" "
                                },
                                {
                                    "text":"When on head:",
                                    "color":"gray",
                                    "italic":false
                                },
                                {
                                    "text":"+4 Armor",
                                    "color":"blue",
                                    "italic":false
                                },
                                {
                                    "text":" "
                                },
                                {
                                    "text":"  ❂ Asphodel Meadows ❂  ",
                                    "color":"dark_gray",
                                    "italic":false
                                }
                            ]
                        }
                    ]
                }
            ]
        }
    ]
}